// Jest Snapshot v1, https://goo.gl/fbAQLP

exports[`renders correctly 1`] = `
<View
  style={
    Array [
      undefined,
      Object {
        "backgroundColor": "white",
        "borderBottomWidth": 0.4,
        "height": 100,
        "width": "100%",
      },
    ]
  }
>
  <View
    accessible={true}
    focusable={true}
    onClick={[Function]}
    onResponderGrant={[Function]}
    onResponderMove={[Function]}
    onResponderRelease={[Function]}
    onResponderTerminate={[Function]}
    onResponderTerminationRequest={[Function]}
    onStartShouldSetResponder={[Function]}
    style={
      Object {
        "alignItems": "center",
        "flexDirection": "row",
        "height": "100%",
        "justifyContent": "space-between",
        "opacity": 1,
        "paddingLeft": "5%",
        "paddingRight": "5%",
        "width": "100%",
      }
    }
  >
    <Text>
      A-Bomb
    </Text>
    <View
      style={
        Array [
          Object {
            "overflow": "hidden",
          },
          Object {
            "height": 70,
            "width": 70,
          },
        ]
      }
    >
      <FastImageView
        resizeMode="cover"
        source={
          Object {
            "uri": "undefined.undefined",
          }
        }
        style={
          Object {
            "bottom": 0,
            "left": 0,
            "position": "absolute",
            "right": 0,
            "top": 0,
          }
        }
      />
    </View>
  </View>
</View>
`;
