// Jest Snapshot v1, https://goo.gl/fbAQLP

exports[`renders correctly with data 1`] = `
<RCTSafeAreaView
  emulateUnlessSupported={true}
  style={
    Object {
      "height": "100%",
      "width": "100%",
    }
  }
>
  <RCTScrollView
    contentContainerStyle={
      Object {
        "alignItems": "center",
        "height": "100%",
        "paddingLeft": "10%",
        "paddingRight": "10%",
        "width": "100%",
      }
    }
  >
    <View>
      <Text
        style={
          Object {
            "fontSize": 18,
            "fontWeight": "bold",
            "margin": 20,
          }
        }
      >
        A-Bomb
      </Text>
      <Image
        source={
          Object {
            "uri": "http://i.annihil.us/u/prod/marvel/i/mg/3/20/5232158de5b16.jpg",
          }
        }
        style={
          Object {
            "height": 70,
            "marginBottom": 50,
            "width": 70,
          }
        }
      />
      <View
        style={
          Object {
            "alignItems": "center",
            "justifyContent": "center",
            "marginBottom": 30,
            "width": "100%",
          }
        }
      >
        <Text
          style={
            Object {
              "fontWeight": "bold",
              "marginBottom": 25,
            }
          }
        >
          Description
        </Text>
        <Text>
          An awesome buddy!
        </Text>
      </View>
      <View
        style={
          Object {
            "alignItems": "center",
            "justifyContent": "center",
            "width": "100%",
          }
        }
      >
        <Text
          style={
            Object {
              "fontWeight": "bold",
              "marginBottom": 25,
            }
          }
        >
          Series
        </Text>
        <View
          style={
            Object {
              "width": "100%",
            }
          }
        >
          <Text
            style={
              Object {
                "marginBottom": 10,
              }
            }
          >
            Comic 2!
          </Text>
          <Text
            style={
              Object {
                "marginBottom": 10,
              }
            }
          >
            Comic 1!
          </Text>
        </View>
      </View>
    </View>
  </RCTScrollView>
</RCTSafeAreaView>
`;
